2026.05.20 16:58:27 INFO  Started: Metals version 1.6.7 in folders '/home/mihnea8848/Development/Faculty/Web-Programming-2/Laboratory 7' for client Visual Studio Code 1.121.0.
2026.05.20 16:58:27 INFO  Memory monitor started
2026.05.20 16:58:27 WARN  Using H2 2.4.240 which is newer than the version Flyway has been verified with. The latest verified version of H2 is 2.3.232.
2026.05.20 16:58:27 INFO  no build target found for /home/mihnea8848/Development/Faculty/Web-Programming-2/Laboratory 7/src/test/java/com/upb/lab7_wad/Lab7Test.java. Using fallback presentation compiler.
2026.05.20 16:58:27 INFO  no build target found for /home/mihnea8848/Development/Faculty/Web-Programming-2/Laboratory 7/src/test/java/com/upb/lab7_wad/Lab7Test.java. Using fallback presentation compiler.
2026.05.20 16:58:31 INFO  no build target found for /home/mihnea8848/Development/Faculty/Web-Programming-2/Laboratory 7/src/test/java/com/upb/lab7_wad/Lab7Test.java. Using fallback presentation compiler.
2026.05.20 16:58:36 INFO  no build target found for /home/mihnea8848/Development/Faculty/Web-Programming-2/Laboratory 7/src/test/java/com/upb/lab7_wad/Lab7Test.java. Using fallback presentation compiler.
2026.05.20 16:58:36 INFO  no build target found for /home/mihnea8848/Development/Faculty/Web-Programming-2/Laboratory 7/src/test/java/com/upb/lab7_wad/Lab7Test.java. Using fallback presentation compiler.
2026.05.20 16:58:37 INFO  no build target found for /home/mihnea8848/Development/Faculty/Web-Programming-2/Laboratory 7/src/test/java/com/upb/lab7_wad/Lab7Test.java. Using fallback presentation compiler.
2026.05.20 16:58:38 INFO  no build target found for /home/mihnea8848/Development/Faculty/Web-Programming-2/Laboratory 7/src/test/java/com/upb/lab7_wad/Lab7Test.java. Using fallback presentation compiler.
2026.05.20 16:58:38 INFO  no build target found for /home/mihnea8848/Development/Faculty/Web-Programming-2/Laboratory 7/src/test/java/com/upb/lab7_wad/Lab7Test.java. Using fallback presentation compiler.
2026.05.20 16:58:38 INFO  no build target found for /home/mihnea8848/Development/Faculty/Web-Programming-2/Laboratory 7/src/test/java/com/upb/lab7_wad/Lab7Test.java. Using fallback presentation compiler.
2026.05.20 16:59:08 INFO  no build target found for /home/mihnea8848/Development/Faculty/Web-Programming-2/Laboratory 7/src/test/java/com/upb/lab7_wad/Lab7Test.java. Using fallback presentation compiler.
2026.05.20 16:59:08 INFO  no build target found for /home/mihnea8848/Development/Faculty/Web-Programming-2/Laboratory 7/src/test/java/com/upb/lab7_wad/Lab7Test.java. Using fallback presentation compiler.
2026.05.20 16:59:08 INFO  no build target found for /home/mihnea8848/Development/Faculty/Web-Programming-2/Laboratory 7/src/test/java/com/upb/lab7_wad/Lab7Test.java. Using fallback presentation compiler.
2026.05.20 16:59:08 INFO  no build target found for /home/mihnea8848/Development/Faculty/Web-Programming-2/Laboratory 7/src/test/java/com/upb/lab7_wad/Lab7Test.java. Using fallback presentation compiler.
2026.05.20 16:59:09 INFO  no build target found for /home/mihnea8848/Development/Faculty/Web-Programming-2/Laboratory 7/src/test/java/com/upb/lab7_wad/Lab7Test.java. Using fallback presentation compiler.
2026.05.20 16:59:20 INFO  no build target found for /home/mihnea8848/Development/Faculty/Web-Programming-2/Laboratory 7/src/test/java/com/upb/lab7_wad/Lab7Test.java. Using fallback presentation compiler.
2026.05.20 16:59:20 INFO  no build target found for /home/mihnea8848/Development/Faculty/Web-Programming-2/Laboratory 7/src/test/java/com/upb/lab7_wad/Lab7Test.java. Using fallback presentation compiler.
2026.05.20 16:59:20 INFO  no build target found for /home/mihnea8848/Development/Faculty/Web-Programming-2/Laboratory 7/src/test/java/com/upb/lab7_wad/Lab7Test.java. Using fallback presentation compiler.
2026.05.20 16:59:21 WARN  no build target for: /home/mihnea8848/Development/Faculty/Web-Programming-2/Laboratory 7/src/test/java/com/upb/lab7_wad/Lab7Test.java
2026.05.20 16:59:20 INFO  no build target found for /home/mihnea8848/Development/Faculty/Web-Programming-2/Laboratory 7/src/test/java/com/upb/lab7_wad/Lab7Test.java. Using fallback presentation compiler.
2026.05.20 16:59:21 WARN  Running javac-semanticdb failed for file:///home/mihnea8848/Development/Faculty/Web-Programming-2/Laboratory%207/src/test/java/com/upb/lab7_wad/Lab7Test.java. Output:

2026.05.20 16:59:40 INFO  no build target found for /home/mihnea8848/Development/Faculty/Web-Programming-2/Laboratory 7/src/test/java/com/upb/lab7_wad/Lab7Test.java. Using fallback presentation compiler.
May 20, 2026 4:59:40 PM org.eclipse.lsp4j.jsonrpc.RemoteEndpoint handleCancellation
WARNING: Unmatched cancel notification for request id 35
2026.05.20 16:59:40 INFO  no build target found for /home/mihnea8848/Development/Faculty/Web-Programming-2/Laboratory 7/src/test/java/com/upb/lab7_wad/Lab7Test.java. Using fallback presentation compiler.
2026.05.20 16:59:41 INFO  no build target found for /home/mihnea8848/Development/Faculty/Web-Programming-2/Laboratory 7/src/test/java/com/upb/lab7_wad/Lab7Test.java. Using fallback presentation compiler.
2026.05.20 16:59:41 INFO  no build target found for /home/mihnea8848/Development/Faculty/Web-Programming-2/Laboratory 7/src/test/java/com/upb/lab7_wad/Lab7Test.java. Using fallback presentation compiler.
2026.05.20 16:59:42 INFO  no build target found for /home/mihnea8848/Development/Faculty/Web-Programming-2/Laboratory 7/src/test/java/com/upb/lab7_wad/Lab7Test.java. Using fallback presentation compiler.
2026.05.20 16:59:43 INFO  no build target found for /home/mihnea8848/Development/Faculty/Web-Programming-2/Laboratory 7/src/test/java/com/upb/lab7_wad/Lab7Test.java. Using fallback presentation compiler.
2026.05.20 16:59:43 INFO  no build target found for /home/mihnea8848/Development/Faculty/Web-Programming-2/Laboratory 7/src/test/java/com/upb/lab7_wad/Lab7Test.java. Using fallback presentation compiler.
2026.05.20 16:59:43 WARN  no build target for: /home/mihnea8848/Development/Faculty/Web-Programming-2/Laboratory 7/src/test/java/com/upb/lab7_wad/Lab7Test.java
2026.05.20 16:59:43 INFO  no build target found for /home/mihnea8848/Development/Faculty/Web-Programming-2/Laboratory 7/src/test/java/com/upb/lab7_wad/Lab7Test.java. Using fallback presentation compiler.
2026.05.20 16:59:43 WARN  Running javac-semanticdb failed for file:///home/mihnea8848/Development/Faculty/Web-Programming-2/Laboratory%207/src/test/java/com/upb/lab7_wad/Lab7Test.java. Output:

2026.05.20 17:00:00 INFO  no build target found for /home/mihnea8848/Development/Faculty/Web-Programming-2/Laboratory 7/src/test/java/com/upb/lab7_wad/Lab7Test.java. Using fallback presentation compiler.
May 20, 2026 5:00:05 PM org.eclipse.lsp4j.jsonrpc.services.GenericEndpoint notify
INFO: Unsupported notification method: $/setTrace
May 20, 2026 5:02:07 PM org.eclipse.lsp4j.jsonrpc.services.GenericEndpoint notify
INFO: Unsupported notification method: $/setTrace
May 20, 2026 5:02:08 PM org.eclipse.lsp4j.jsonrpc.services.GenericEndpoint notify
INFO: Unsupported notification method: $/setTrace
